// Jest Snapshot v1, https://goo.gl/fbAQLP

exports[`Footer | snapshot should take a snapshot 1`] = `
<DocumentFragment>
  <footer
    class="sc-bczRLJ fPvdEA"
  />
</DocumentFragment>
`;
