// Jest Snapshot v1, https://goo.gl/fbAQLP

exports[`Header | snapshot should take a snapshot 1`] = `
<DocumentFragment>
  <header
    class="sc-bczRLJ fPvdEA"
  />
</DocumentFragment>
`;
